// Jest Snapshot v1, https://goo.gl/fbAQLP

exports[`Root component should match snapshot 1`] = `
<WithStyles(ForwardRef(Grid))
  className="makeStyles-container-1"
  container={true}
>
  <WithStyles(ForwardRef(Card))
    className="makeStyles-card-2"
    key="General Cardano Info"
  >
    <WithStyles(ForwardRef(CardHeader))
      title="General Cardano Info"
    />
    <WithStyles(ForwardRef(CardContent))>
      <GeneralInfo />
    </WithStyles(ForwardRef(CardContent))>
  </WithStyles(ForwardRef(Card))>
  <WithStyles(ForwardRef(Card))
    className="makeStyles-card-2"
    key="Current Fees"
  >
    <WithStyles(ForwardRef(CardHeader))
      title="Current Fees"
    />
    <WithStyles(ForwardRef(CardContent))>
      <CurrentFees />
    </WithStyles(ForwardRef(CardContent))>
  </WithStyles(ForwardRef(Card))>
</WithStyles(ForwardRef(Grid))>
`;
