// Jest Snapshot v1, https://goo.gl/fbAQLP

exports[`GeneralStats should match snapshot 1`] = `
<WithStyles(ForwardRef(Grid))
  container={true}
  direction="column"
>
  <span>
    Total blocks:
     
    5,995,095
  </span>
  <span>
    Total transactions:
     
    9,787,836
  </span>
  <span>
    Total stake pools:
     
    2,877
  </span>
  <span>
    Total ADA stake:
     
    23,240,000,000
  </span>
  <span>
    Total assets:
     
    43,751
  </span>
  <span>
    Era:
     
    Shelley
  </span>
  <span>
    Epoch:
     
    278
  </span>
  <span>
    Slot:
     
    300,948
  </span>
</WithStyles(ForwardRef(Grid))>
`;
