// Jest Snapshot v1, https://goo.gl/fbAQLP

exports[`CardanoFees should match snapshot 1`] = `
<WithStyles(ForwardRef(Grid))
  container={true}
  direction="column"
>
  <span>
    Min Fee: 0.00 ADA
  </span>
  <span>
    Max Fee: 0.00 ADA
  </span>
  <span>
    Average Fee: 0.00 ADA
  </span>
</WithStyles(ForwardRef(Grid))>
`;
